> DCMS ready on http://localhost:3000
> Socket.IO realtime listening on /socket.io (dev=true)
 GET /api/public/about 200 in 475ms (next.js: 158ms, application-code: 317ms)
 GET /login 200 in 1122ms (next.js: 215ms, application-code: 907ms)
 GET /api/session 200 in 91ms (next.js: 69ms, application-code: 22ms)
 GET /api/session 200 in 11ms (next.js: 5ms, application-code: 7ms)
 GET /api/auth/providers 200 in 951ms (next.js: 938ms, application-code: 14ms)
 GET /api/auth/csrf 200 in 36ms (next.js: 19ms, application-code: 17ms)
 POST /api/auth/callback/credentials? 200 in 589ms (next.js: 6ms, application-code: 583ms)
 GET /dashboard 200 in 401ms (next.js: 98ms, proxy.ts: 66ms, application-code: 237ms)
 GET /api/public/about 200 in 71ms (next.js: 39ms, application-code: 32ms)
 GET /api/public/home 200 in 246ms (next.js: 44ms, application-code: 202ms)
 GET / 200 in 735ms (next.js: 69ms, application-code: 666ms)
 GET /api/session 200 in 25ms (next.js: 2ms, application-code: 22ms)
 GET /api/session 200 in 28ms (next.js: 2ms, application-code: 26ms)
> socket JBNi6bPlQtgAQu59AAAD joined room user:cmskltcrv000tkosi4eadomyk
 GET /api/public/about 200 in 12ms (next.js: 2ms, application-code: 10ms)
 GET / 200 in 336ms (next.js: 10ms, application-code: 326ms)
 GET /api/session 200 in 25ms (next.js: 2ms, application-code: 23ms)
 GET /api/public/about 200 in 74ms (next.js: 4ms, application-code: 70ms)
 GET /api/public/events?limit=100&upcoming=true 200 in 73ms (next.js: 41ms, application-code: 32ms)
 GET /api/session 200 in 374ms (next.js: 138ms, application-code: 236ms)
> socket mQoSrB7rK2ZtQlqTAAAF joined room user:cmskltcrv000tkosi4eadomyk
 GET /events 200 in 598ms (next.js: 74ms, application-code: 525ms)
 GET /api/session 200 in 37ms (next.js: 3ms, application-code: 34ms)
 GET /api/public/about 200 in 60ms (next.js: 4ms, application-code: 56ms)
 GET /api/public/productions?limit=100 200 in 72ms (next.js: 44ms, application-code: 28ms)
 GET /api/session 200 in 224ms (next.js: 20ms, application-code: 204ms)
> socket 2kth7kS6F_F7RBLrAAAH joined room user:cmskltcrv000tkosi4eadomyk
 GET /productions 200 in 457ms (next.js: 73ms, application-code: 384ms)
 GET /api/session 200 in 27ms (next.js: 2ms, application-code: 25ms)
 GET /api/public/about 200 in 58ms (next.js: 4ms, application-code: 54ms)
 GET /api/public/gallery 200 in 56ms (next.js: 33ms, application-code: 23ms)
 GET /api/session 200 in 257ms (next.js: 12ms, application-code: 245ms)
> socket 4pr50C6Tl35t4WVcAAAJ joined room user:cmskltcrv000tkosi4eadomyk
 GET /gallery 200 in 459ms (next.js: 80ms, application-code: 379ms)
 GET /api/session 200 in 26ms (next.js: 3ms, application-code: 23ms)
 GET /api/public/about 200 in 10ms (next.js: 3ms, application-code: 8ms)
 GET /api/session 200 in 108ms (next.js: 5ms, application-code: 103ms)
> socket xOrlmNgcvfvPE92fAAAL joined room user:cmskltcrv000tkosi4eadomyk
 GET /register 200 in 303ms (next.js: 76ms, application-code: 227ms)
 GET /api/session 200 in 27ms (next.js: 2ms, application-code: 25ms)
 GET /api/public/about 200 in 10ms (next.js: 3ms, application-code: 7ms)
 GET /api/session 200 in 74ms (next.js: 18ms, application-code: 56ms)
> socket QCHs8KGGTwX2_sboAAAN joined room user:cmskltcrv000tkosi4eadomyk
 GET /login 200 in 189ms (next.js: 5ms, application-code: 184ms)
 GET /api/session 200 in 23ms (next.js: 3ms, application-code: 20ms)
 GET /api/session 200 in 24ms (next.js: 3ms, application-code: 21ms)
 GET /dashboard 200 in 105ms (next.js: 12ms, proxy.ts: 7ms, application-code: 86ms)
